main.c:89:6:DEV_Set_I2CAddress	16	static
main.c:98:6:DEV_I2C_WriteByte	40	static
main.c:105:6:DEV_I2C_WriteWord	40	static
main.c:113:7:DEV_I2C_ReadByte	40	static
main.c:120:7:DEV_I2C_ReadWord	40	static
main.c:128:15:PAJ7620U2_init	16	static
main.c:154:6:HAL_TIM_PeriodElapsedCallback	16	static
main.c:183:6:resetstate	8	static
main.c:192:6:check_password	32	static
main.c:221:6:updatevalue	32	static
main.c:266:5:main	8	static
main.c:363:6:SystemClock_Config	88	static
main.c:408:13:MX_I2C1_Init	8	static
main.c:442:13:MX_TIM10_Init	8	static
main.c:473:13:MX_TIM11_Init	8	static
main.c:504:13:MX_USART1_UART_Init	8	static
main.c:537:13:MX_USART2_UART_Init	8	static
main.c:570:13:MX_GPIO_Init	48	static
main.c:616:6:Error_Handler	4	static,ignoring_inline_asm
