main.c:89:6:DEV_Set_I2CAddress	16	static
main.c:97:6:DEV_I2C_WriteByte	40	static
main.c:103:6:DEV_I2C_WriteWord	40	static
main.c:110:7:DEV_I2C_ReadByte	40	static
main.c:116:7:DEV_I2C_ReadWord	40	static
main.c:123:15:PAJ7620U2_init	16	static
main.c:147:6:HAL_TIM_PeriodElapsedCallback	16	static
main.c:168:6:resetstate	8	static
main.c:178:6:check_password	32	static
main.c:207:6:updatevalue	32	static
main.c:260:5:main	8	static
main.c:355:6:SystemClock_Config	88	static
main.c:400:13:MX_I2C1_Init	8	static
main.c:434:13:MX_TIM10_Init	8	static
main.c:465:13:MX_TIM11_Init	8	static
main.c:496:13:MX_USART1_UART_Init	8	static
main.c:529:13:MX_USART2_UART_Init	8	static
main.c:562:13:MX_GPIO_Init	48	static
main.c:608:6:Error_Handler	4	static,ignoring_inline_asm
