main.c:89:6:DEV_Set_I2CAddress	16	static
main.c:98:6:DEV_I2C_WriteByte	40	static
main.c:105:6:DEV_I2C_WriteWord	40	static
main.c:113:7:DEV_I2C_ReadByte	40	static
main.c:120:7:DEV_I2C_ReadWord	40	static
main.c:128:15:PAJ7620U2_init	16	static
main.c:154:6:HAL_TIM_PeriodElapsedCallback	16	static
main.c:159:6:resettimer	8	static
main.c:163:6:check_password	16	static
main.c:186:6:updatevalue	16	static
main.c:239:5:main	8	static
main.c:345:6:SystemClock_Config	88	static
main.c:390:13:MX_I2C1_Init	8	static
main.c:424:13:MX_TIM10_Init	8	static
main.c:455:13:MX_TIM11_Init	8	static
main.c:486:13:MX_USART1_UART_Init	8	static
main.c:519:13:MX_USART2_UART_Init	8	static
main.c:552:13:MX_GPIO_Init	48	static
main.c:598:6:Error_Handler	4	static,ignoring_inline_asm
